---
source: mbtiles/tests/copy.rs
expression: actual_value
---
[[]]
type = 'table'
tbl_name = 'metadata'
sql = '''
CREATE TABLE metadata (
             name text NOT NULL PRIMARY KEY,
             value text)'''
values = [
    '(  "agg_tiles_hash", "675349A4153AEC0679BE9C0637AEEBCC"  )',
    '(  "md-edit", "value - v1"  )',
    '(  "md-remove", "value - remove"  )',
    '(  "md-same", "value - same"  )',
]

[[]]
type = 'table'
tbl_name = 'tiles'
sql = '''
CREATE TABLE tiles (
             zoom_level integer NOT NULL,
             tile_column integer NOT NULL,
             tile_row integer NOT NULL,
             tile_data blob,
             PRIMARY KEY(zoom_level, tile_column, tile_row))'''
values = [
    '(  6, 0, 3, blob(same)  )',
    '(  6, 0, 5, blob(1-keep-1-rm)  )',
    '(  6, 1, 4, blob(edit-v1)  )',
    '(  6, 2, 6, blob(1-keep-1-rm)  )',
]

[[]]
type = 'index'
tbl_name = 'metadata'

[[]]
type = 'index'
tbl_name = 'tiles'
