// Jest Snapshot v1, https://jestjs.io/docs/snapshot-testing

exports[`ErrorBoundary catches errors and renders default fallback UI 1`] = `
<div>
  <script
    nonce=""
  >
    ((e,s,n,l,o,d,u,h)=&gt;{let m=document.documentElement,w=["light","dark"];function p(r){(Array.isArray(e)?e:[e]).forEach(y=&gt;{let k=y==="class",S=k&&d?o.map(f=&gt;d[f]||f):o;k?(m.classList.remove(...S),m.classList.add(d&&d[r]?d[r]:r)):m.setAttribute(y,r)}),C(r)}function C(r){h&&w.includes(r)&&(m.style.colorScheme=r)}function a(){return window.matchMedia("(prefers-color-scheme: dark)").matches?"dark":"light"}if(l)p(l);else try{let r=localStorage.getItem(s)||n,y=u&&r==="system"?a():r;p(y)}catch(r){}})("class","theme","light",null,["light","dark"],null,true,true)
  </script>
  <div
    class="rounded-lg border bg-card text-card-foreground shadow-sm w-full max-w-md mx-auto mt-8"
  >
    <div
      class="flex flex-col space-y-1.5 p-6"
    >
      <div
        class="flex items-center space-x-2"
      >
        <svg
          aria-hidden="true"
          class="lucide lucide-triangle-alert h-5 w-5 text-destructive"
          fill="none"
          height="24"
          stroke="currentColor"
          stroke-linecap="round"
          stroke-linejoin="round"
          stroke-width="2"
          viewBox="0 0 24 24"
          width="24"
          xmlns="http://www.w3.org/2000/svg"
        >
          <path
            d="m21.73 18-8-14a2 2 0 0 0-3.48 0l-8 14A2 2 0 0 0 4 21h16a2 2 0 0 0 1.73-3"
          />
          <path
            d="M12 9v4"
          />
          <path
            d="M12 17h.01"
          />
        </svg>
        <div
          class="text-2xl font-semibold leading-none tracking-tight text-destructive"
        >
          Something went wrong
        </div>
      </div>
      <div
        class="text-sm text-muted-foreground"
      >
        An unexpected error occurred. Please try again or contact support if the problem persists.
      </div>
    </div>
    <div
      class="p-6 pt-0 space-y-4"
    >
      <div
        class="p-3 bg-destructive rounded-md"
      >
        <p
          class="text-sm text-destructive-foreground font-mono"
        >
          Test error thrown!
        </p>
      </div>
      <button
        class="inline-flex items-center justify-center gap-2 whitespace-nowrap rounded-md text-sm font-medium transition-all disabled:pointer-events-none disabled:opacity-50 [&_svg]:pointer-events-none [&_svg:not([class*='size-'])]:size-4 shrink-0 [&_svg]:shrink-0 outline-none focus-visible:border-ring focus-visible:ring-ring/50 focus-visible:ring-[3px] aria-invalid:ring-destructive/20 dark:aria-invalid:ring-destructive/40 aria-invalid:border-destructive h-9 px-4 py-2 has-[>svg]:px-3 bg-primary text-primary-foreground shadow-xs hover:bg-primary/90 w-full"
        data-slot="button"
      >
        <svg
          aria-hidden="true"
          class="lucide lucide-refresh-cw h-4 w-4 mr-2"
          fill="none"
          height="24"
          stroke="currentColor"
          stroke-linecap="round"
          stroke-linejoin="round"
          stroke-width="2"
          viewBox="0 0 24 24"
          width="24"
          xmlns="http://www.w3.org/2000/svg"
        >
          <path
            d="M3 12a9 9 0 0 1 9-9 9.75 9.75 0 0 1 6.74 2.74L21 8"
          />
          <path
            d="M21 3v5h-5"
          />
          <path
            d="M21 12a9 9 0 0 1-9 9 9.75 9.75 0 0 1-6.74-2.74L3 16"
          />
          <path
            d="M8 16H3v5"
          />
        </svg>
        Try Again
      </button>
    </div>
  </div>
</div>
`;

exports[`ErrorBoundary renders children when no error occurs 1`] = `
<div>
  <script
    nonce=""
  >
    ((e,s,n,l,o,d,u,h)=&gt;{let m=document.documentElement,w=["light","dark"];function p(r){(Array.isArray(e)?e:[e]).forEach(y=&gt;{let k=y==="class",S=k&&d?o.map(f=&gt;d[f]||f):o;k?(m.classList.remove(...S),m.classList.add(d&&d[r]?d[r]:r)):m.setAttribute(y,r)}),C(r)}function C(r){h&&w.includes(r)&&(m.style.colorScheme=r)}function a(){return window.matchMedia("(prefers-color-scheme: dark)").matches?"dark":"light"}if(l)p(l);else try{let r=localStorage.getItem(s)||n,y=u&&r==="system"?a():r;p(y)}catch(r){}})("class","theme","light",null,["light","dark"],null,true,true)
  </script>
  <div>
    Safe content
  </div>
</div>
`;

exports[`ErrorBoundary renders custom fallback component if provided 1`] = `
<div>
  <script
    nonce=""
  >
    ((e,s,n,l,o,d,u,h)=&gt;{let m=document.documentElement,w=["light","dark"];function p(r){(Array.isArray(e)?e:[e]).forEach(y=&gt;{let k=y==="class",S=k&&d?o.map(f=&gt;d[f]||f):o;k?(m.classList.remove(...S),m.classList.add(d&&d[r]?d[r]:r)):m.setAttribute(y,r)}),C(r)}function C(r){h&&w.includes(r)&&(m.style.colorScheme=r)}function a(){return window.matchMedia("(prefers-color-scheme: dark)").matches?"dark":"light"}if(l)p(l);else try{let r=localStorage.getItem(s)||n,y=u&&r==="system"?a():r;p(y)}catch(r){}})("class","theme","light",null,["light","dark"],null,true,true)
  </script>
  <div>
    <span>
      Custom fallback!
    </span>
    <span>
      Test error thrown!
    </span>
    <button
      type="button"
    >
      Retry now
    </button>
  </div>
</div>
`;

exports[`ErrorBoundary resets error state and retries when retry button is clicked (custom fallback) 1`] = `
<div>
  <script
    nonce=""
  >
    ((e,s,n,l,o,d,u,h)=&gt;{let m=document.documentElement,w=["light","dark"];function p(r){(Array.isArray(e)?e:[e]).forEach(y=&gt;{let k=y==="class",S=k&&d?o.map(f=&gt;d[f]||f):o;k?(m.classList.remove(...S),m.classList.add(d&&d[r]?d[r]:r)):m.setAttribute(y,r)}),C(r)}function C(r){h&&w.includes(r)&&(m.style.colorScheme=r)}function a(){return window.matchMedia("(prefers-color-scheme: dark)").matches?"dark":"light"}if(l)p(l);else try{let r=localStorage.getItem(s)||n,y=u&&r==="system"?a():r;p(y)}catch(r){}})("class","theme","light",null,["light","dark"],null,true,true)
  </script>
  <div>
    All good
  </div>
</div>
`;

exports[`ErrorBoundary resets error state and retries when retry button is clicked (default fallback) 1`] = `
<div>
  <script
    nonce=""
  >
    ((e,s,n,l,o,d,u,h)=&gt;{let m=document.documentElement,w=["light","dark"];function p(r){(Array.isArray(e)?e:[e]).forEach(y=&gt;{let k=y==="class",S=k&&d?o.map(f=&gt;d[f]||f):o;k?(m.classList.remove(...S),m.classList.add(d&&d[r]?d[r]:r)):m.setAttribute(y,r)}),C(r)}function C(r){h&&w.includes(r)&&(m.style.colorScheme=r)}function a(){return window.matchMedia("(prefers-color-scheme: dark)").matches?"dark":"light"}if(l)p(l);else try{let r=localStorage.getItem(s)||n,y=u&&r==="system"?a():r;p(y)}catch(r){}})("class","theme","light",null,["light","dark"],null,true,true)
  </script>
  <div>
    All good
  </div>
</div>
`;
