---
source: martin/src/cog/image.rs
expression: png_bytes
extension: png
snapshot_kind: binary
---
