---
source: martin-core/src/resources/sprites/mod.rs
expression: png
extension: png
snapshot_kind: binary
---
