[INFO ] Comparing ./tests/fixtures/mbtiles/world_cities_modified.mbtiles (flat) and tests/mbtiles_temp_files/world_cities_modified2.mbtiles (flat) into a new file tests/mbtiles_temp_files/world_cities_bindiff_modified.mbtiles (flat)
[INFO ] Adding a new metadata value agg_tiles_hash = 53A778D4E5E2133B70D4BDE3BADDB82D in tests/mbtiles_temp_files/world_cities_bindiff_modified.mbtiles
