{
  "description": "public.function_zxy_query_jsonb",
  "name": "function_zxy_query_jsonb",
  "tilejson": "3.0.0",
  "tiles": [
    "http://localhost:3111/function_zxy_query_jsonb/{z}/{x}/{y}"
  ]
}
