tests/output/auto/google_compatible_14_8854_6443.png: PNG image data, 512 x 512, 8-bit/color RGBA, non-interlaced
