{
  "maxzoom": 14,
  "minzoom": 12,
  "tilejson": "3.0.0",
  "tiles": [
    "http://localhost:3111/google_compatible/{z}/{x}/{y}"
  ]
}
