{
  "maxzoom": 2,
  "minzoom": 0,
  "tilejson": "3.0.0",
  "tiles": [
    "http://localhost:3111/rgba_u8_nodata/{z}/{x}/{y}"
  ]
}
