{
  "bounds": [
    142.84094409430955,
    11.926741846036798,
    142.84143360001997,
    11.927370348564835
  ],
  "description": "schema_a.table_name_existing_two_schemas.geom",
  "name": "table_name_existing_two_schemas",
  "tilejson": "3.0.0",
  "tiles": [
    "http://localhost:3111/table_name_existing_two_schemas/{z}/{x}/{y}"
  ],
  "vector_layers": [
    {
      "fields": {
        "id": "int4",
        "name": "text"
      },
      "id": "table_name_existing_two_schemas"
    }
  ]
}
