listen_addresses: localhost:3111
pmtiles:
  paths: tests/fixtures/pmtiles2
  sources:
    webp2: tests/fixtures/pmtiles2/webp2.pmtiles
mbtiles: tests/fixtures/pmtiles2
