tests/output/configured/sdf_spr_src1_.png: PNG image data, 120 x 46, 8-bit gray+alpha, non-interlaced
