postgres:
  default_srid: 900913
  auto_bounds: calc
  auto_publish: true
  tables:
    .-Points-----------quote:
      schema: '"Quotes'' \ \'' \" and Space.Dot.'
      table: . Points" \ \' \" 'quote
      srid: 4326
      geometry_column: . ' \ \' \" "Geom"
      bounds:
      - -170.94984639 # truncated to 10 digits
      - -84.2002558073 # truncated to 10 digits
      - 167.7089285828 # truncated to 10 digits
      - 74.2357328475 # truncated to 10 digits
      geometry_type: POINT
      properties:
        ''' id ''': int4
        '.namE ': text
    MixPoints:
      schema: MixedCase
      table: MixPoints
      srid: 4326
      geometry_column: Geom
      bounds:
      - -170.94984639 # truncated to 10 digits
      - -84.2002558073 # truncated to 10 digits
      - 167.7089285828 # truncated to 10 digits
      - 74.2357328475 # truncated to 10 digits
      geometry_type: POINT
      properties:
        Gid: int4
        TABLE: text
    antimeridian:
      schema: public
      table: antimeridian
      srid: 4326
      geometry_column: geom
      bounds:
      - -182.0
      - 51.0
      - -160.0
      - 62.0
      geometry_type: GEOMETRY
      properties:
        gid: int4
    auto_table:
      schema: autodetect
      table: auto_table
      srid: 4326
      geometry_column: geom
      bounds:
      - -166.8710712623 # truncated to 10 digits
      - -53.4474724911 # truncated to 10 digits
      - 168.1406122036 # truncated to 10 digits
      - 84.2241186147 # truncated to 10 digits
      geometry_type: POINT
      properties:
        feat_id: int4
        gid: int4
    bigint_table:
      schema: autodetect
      table: bigint_table
      srid: 4326
      geometry_column: geom
      bounds:
      - -174.8947556456 # truncated to 10 digits
      - -77.2579745396 # truncated to 10 digits
      - 174.7275322451 # truncated to 10 digits
      - 73.8078595059 # truncated to 10 digits
      geometry_type: POINT
      properties:
        big_feat_id: int8
        id: int4
    points1:
      schema: public
      table: points1
      srid: 4326
      geometry_column: geom
      bounds:
      - -179.2731397013 # truncated to 10 digits
      - -67.5251856326 # truncated to 10 digits
      - 162.6011719373 # truncated to 10 digits
      - 84.9309209512 # truncated to 10 digits
      geometry_type: POINT
      properties:
        gid: int4
    points1_vw:
      schema: public
      table: points1_vw
      srid: 4326
      geometry_column: geom
      bounds:
      - -179.2731397013 # truncated to 10 digits
      - -67.5251856326 # truncated to 10 digits
      - 162.6011719373 # truncated to 10 digits
      - 84.9309209512 # truncated to 10 digits
      geometry_type: POINT
      properties:
        gid: int4
    points2:
      schema: public
      table: points2
      srid: 4326
      geometry_column: geom
      bounds:
      - -174.0507507353 # truncated to 10 digits
      - -80.4617715784 # truncated to 10 digits
      - 179.1118718108 # truncated to 10 digits
      - 81.1306876416 # truncated to 10 digits
      geometry_type: POINT
      properties:
        gid: int4
    points3857:
      schema: public
      table: points3857
      srid: 3857
      geometry_column: geom
      bounds:
      - -161.4059077755 # truncated to 10 digits
      - -81.507270216 # truncated to 10 digits
      - 172.5154912676 # truncated to 10 digits
      - 84.2440187164 # truncated to 10 digits
      geometry_type: POINT
      properties:
        gid: int4
    points_empty:
      schema: public
      table: points_empty
      srid: 900913
      geometry_column: geom
      geometry_type: GEOMETRY
      properties:
        gid: int4
    points_empty_srid:
      schema: public
      table: points_empty_srid
      srid: 900913
      geometry_column: geom
      bounds:
      - -162.3519667978 # truncated to 10 digits
      - -84.4991977003 # truncated to 10 digits
      - 178.4729467744 # truncated to 10 digits
      - 82.700001245 # truncated to 10 digits
      geometry_type: GEOMETRY
      properties:
        gid: int4
    table_and_view_two_schemas:
      schema: schema_a
      table: table_and_view_two_schemas
      srid: 900913
      geometry_column: a_geom
      bounds:
      - 0.0012741832 # truncated to 10 digits
      - 0.0000988181 # truncated to 10 digits
      - 0.0012921495 # truncated to 10 digits
      - 0.0001169055 # truncated to 10 digits
      geometry_type: GEOMETRY
      properties:
        a_id: int4
        a_info: text
    table_and_view_two_schemas.1:
      schema: schema_b
      table: table_and_view_two_schemas
      srid: 900913
      geometry_column: b_geom
      bounds:
      - 0.0012741832 # truncated to 10 digits
      - 0.0000988181 # truncated to 10 digits
      - 0.0012921495 # truncated to 10 digits
      - 0.0001169055 # truncated to 10 digits
      geometry_type: GEOMETRY
      properties:
        b_id: int4
        b_info: text
    table_name_existing_two_schemas:
      schema: schema_a
      table: table_name_existing_two_schemas
      srid: 4326
      geometry_column: a_geom
      bounds:
      - 142.8409440943 # truncated to 10 digits
      - 11.926741846 # truncated to 10 digits
      - 142.8414336 # truncated to 10 digits
      - 11.9273703485 # truncated to 10 digits
      geometry_type: POINT
      properties:
        a_id: int4
        a_name: text
    table_name_existing_two_schemas.1:
      schema: schema_b
      table: table_name_existing_two_schemas
      srid: 4326
      geometry_column: b_geom
      bounds:
      - 10.0
      - 10.0
      - 40.0
      - 40.0
      geometry_type: POLYGON
      properties:
        b_id: int4
        b_info: text
    table_source:
      schema: public
      table: table_source
      srid: 4326
      geometry_column: geom
      bounds:
      - -2.0
      - -1.0
      - 142.8413150986 # truncated to 10 digits
      - 45.0
      geometry_type: GEOMETRY
      properties:
        gid: int4
    table_source_geog:
      schema: public
      table: table_source_geog
      srid: 4326
      geometry_column: geog
      bounds:
      - -2.0
      - 0.0
      - 142.8413150986 # truncated to 10 digits
      - 45.0
      geometry_type: Geometry
      properties:
        gid: int4
    table_source_multiple_geom:
      schema: public
      table: table_source_multiple_geom
      srid: 4326
      geometry_column: geom1
      bounds:
      - -136.620760497 # truncated to 10 digits
      - -78.3350299285 # truncated to 10 digits
      - 176.5629774349 # truncated to 10 digits
      - 75.7873106595 # truncated to 10 digits
      geometry_type: POINT
      properties:
        gid: int4
    table_source_multiple_geom.1:
      schema: public
      table: table_source_multiple_geom
      srid: 4326
      geometry_column: geom2
      bounds:
      - -136.620760497 # truncated to 10 digits
      - -78.3350299285 # truncated to 10 digits
      - 176.5629774349 # truncated to 10 digits
      - 75.7873106595 # truncated to 10 digits
      geometry_type: POINT
      properties:
        gid: int4
    view_name_existing_two_schemas:
      schema: schema_a
      table: view_name_existing_two_schemas
      srid: 4326
      geometry_column: a_geom
      bounds:
      - 142.8409440943 # truncated to 10 digits
      - 11.926741846 # truncated to 10 digits
      - 142.8414336 # truncated to 10 digits
      - 11.9273703485 # truncated to 10 digits
      geometry_type: POINT
      properties:
        a_id: int4
        a_name: text
    view_name_existing_two_schemas.1:
      schema: schema_b
      table: view_name_existing_two_schemas
      srid: 4326
      geometry_column: b_geom
      bounds:
      - 10.0
      - 10.0
      - 40.0
      - 40.0
      geometry_type: POLYGON
      properties:
        b_id: int4
        b_info: text
  functions:
    -function.withweired---_-characters:
      schema: public
      function: '"function.withweired$*;_ characters'
    function_Mixed_Name:
      schema: MixedCase
      function: function_Mixed_Name
    function_null:
      schema: public
      function: function_null
    function_null_row:
      schema: public
      function: function_null_row
    function_null_row2:
      schema: public
      function: function_null_row2
    function_zoom_xy:
      schema: public
      function: function_zoom_xy
    function_zxy:
      schema: public
      function: function_zxy
    function_zxy2:
      schema: public
      function: function_zxy2
    function_zxy_query:
      schema: public
      function: function_zxy_query
    function_zxy_query_jsonb:
      schema: public
      function: function_zxy_query_jsonb
    function_zxy_query_test:
      schema: public
      function: function_zxy_query_test
    function_zxy_row:
      schema: public
      function: function_zxy_row
    function_zxy_row_key:
      schema: public
      function: function_zxy_row_key
pmtiles:
  paths:
  - tests/fixtures/mbtiles
  - tests/fixtures/pmtiles
  - tests/fixtures/pmtiles2
  sources:
    png: tests/fixtures/pmtiles/png.pmtiles
    stamen_toner__raster_CC-BY-ODbL_z3: tests/fixtures/pmtiles/stamen_toner__raster_CC-BY+ODbL_z3.pmtiles
    webp2: tests/fixtures/pmtiles2/webp2.pmtiles
mbtiles:
  paths:
  - tests/fixtures/mbtiles
  - tests/fixtures/pmtiles
  - tests/fixtures/pmtiles2
  sources:
    geography-class-jpg: tests/fixtures/mbtiles/geography-class-jpg.mbtiles
    geography-class-jpg-diff: tests/fixtures/mbtiles/geography-class-jpg-diff.mbtiles
    geography-class-jpg-modified: tests/fixtures/mbtiles/geography-class-jpg-modified.mbtiles
    geography-class-png: tests/fixtures/mbtiles/geography-class-png.mbtiles
    geography-class-png-no-bounds: tests/fixtures/mbtiles/geography-class-png-no-bounds.mbtiles
    json: tests/fixtures/mbtiles/json.mbtiles
    uncompressed_mvt: tests/fixtures/mbtiles/uncompressed_mvt.mbtiles
    webp: tests/fixtures/mbtiles/webp.mbtiles
    world_cities: tests/fixtures/mbtiles/world_cities.mbtiles
    world_cities_bindiff: tests/fixtures/mbtiles/world_cities_bindiff.mbtiles
    world_cities_diff: tests/fixtures/mbtiles/world_cities_diff.mbtiles
    world_cities_modified: tests/fixtures/mbtiles/world_cities_modified.mbtiles
    zoomed_world_cities: tests/fixtures/mbtiles/zoomed_world_cities.mbtiles
cog:
- tests/fixtures/mbtiles
- tests/fixtures/pmtiles
- tests/fixtures/pmtiles2
