[INFO ] Quick integrity check passed for tests/mbtiles_temp_files/cp_flat.mbtiles
[INFO ] All values in the `tiles` table/view are valid for tests/mbtiles_temp_files/cp_flat.mbtiles
[INFO ] Skipping per-tile hash validation because this is a flat MBTiles file
