postgres:
  default_srid: 900913
  auto_bounds: calc
  auto_publish: true
  tables:
    .-Points-----------quote:
      schema: '"Quotes'' \ \'' \" and Space.Dot.'
      table: . Points" \ \' \" 'quote
      srid: 4326
      geometry_column: . ' \ \' \" "Geom"
      bounds:
      - -170.949846390046
      - -84.200255807338
      - 167.708928582844
      - 74.235732847537
      geometry_type: POINT
      properties:
        ''' id ''': int4
        '.namE ': text
    MixPoints:
      schema: MixedCase
      table: MixPoints
      srid: 4326
      geometry_column: Geom
      bounds:
      - -170.949846390046
      - -84.200255807338
      - 167.708928582844
      - 74.235732847537
      geometry_type: POINT
      properties:
        Gid: int4
        TABLE: text
    antimeridian:
      schema: public
      table: antimeridian
      srid: 4326
      geometry_column: geom
      bounds:
      - -182.0
      - 51.0
      - -160.0
      - 62.0
      geometry_type: GEOMETRY
      properties:
        gid: int4
    auto_table:
      schema: autodetect
      table: auto_table
      srid: 4326
      geometry_column: geom
      bounds:
      - -166.871071262304
      - -53.447472491156
      - 168.140612203605
      - 84.224118614753
      geometry_type: POINT
      properties:
        feat_id: int4
        gid: int4
    bigint_table:
      schema: autodetect
      table: bigint_table
      srid: 4326
      geometry_column: geom
      bounds:
      - -174.894755645680
      - -77.25797453968
      - 174.727532245144
      - 73.807859505999
      geometry_type: POINT
      properties:
        big_feat_id: int8
        id: int4
    points1:
      schema: public
      table: points1
      srid: 4326
      geometry_column: geom
      bounds:
      - -179.273139701325
      - -67.525185632656
      - 162.601171937351
      - 84.930920951289
      geometry_type: POINT
      properties:
        gid: int4
    points1_vw:
      schema: public
      table: points1_vw
      srid: 4326
      geometry_column: geom
      bounds:
      - -179.273139701325
      - -67.525185632656
      - 162.601171937351
      - 84.930920951289
      geometry_type: POINT
      properties:
        gid: int4
    points2:
      schema: public
      table: points2
      srid: 4326
      geometry_column: geom
      bounds:
      - -174.0507507353
      - -80.461771578483
      - 179.111871810867
      - 81.130687641657
      geometry_type: POINT
      properties:
        gid: int4
    points3857:
      schema: public
      table: points3857
      srid: 3857
      geometry_column: geom
      bounds:
      - -161.405907775540
      - -81.507270216090
      - 172.515491267685
      - 84.24401871641
      geometry_type: POINT
      properties:
        gid: int4
    points_empty:
      schema: public
      table: points_empty
      srid: 900913
      geometry_column: geom
      geometry_type: GEOMETRY
      properties:
        gid: int4
    points_empty_srid:
      schema: public
      table: points_empty_srid
      srid: 900913
      geometry_column: geom
      bounds:
      - -162.351966797845
      - -84.499197700314
      - 178.472946774456
      - 82.70000124504
      geometry_type: GEOMETRY
      properties:
        gid: int4
    table_and_view_two_schemas:
      schema: schema_a
      table: table_and_view_two_schemas
      srid: 900913
      geometry_column: a_geom
      bounds:
      - 0.0012741832772432
      - 0.000098818118091598
      - 0.0012921495829256
      - 0.00011690550763257
      geometry_type: GEOMETRY
      properties:
        a_id: int4
        a_info: text
    table_and_view_two_schemas.1:
      schema: schema_b
      table: table_and_view_two_schemas
      srid: 900913
      geometry_column: b_geom
      bounds:
      - 0.0012741832772432
      - 0.000098818118091598
      - 0.0012921495829256
      - 0.00011690550763257
      geometry_type: GEOMETRY
      properties:
        b_id: int4
        b_info: text
    table_name_existing_two_schemas:
      schema: schema_a
      table: table_name_existing_two_schemas
      srid: 4326
      geometry_column: a_geom
      bounds:
      - 142.840944094309
      - 11.9267418460367
      - 142.841433600019
      - 11.9273703485648
      geometry_type: POINT
      properties:
        a_id: int4
        a_name: text
    table_name_existing_two_schemas.1:
      schema: schema_b
      table: table_name_existing_two_schemas
      srid: 4326
      geometry_column: b_geom
      bounds:
      - 10.0
      - 10.0
      - 40.0
      - 40.0
      geometry_type: POLYGON
      properties:
        b_id: int4
        b_info: text
    table_source:
      schema: public
      table: table_source
      srid: 4326
      geometry_column: geom
      bounds:
      - -2.0
      - -1.0
      - 142.841315098691
      - 45.0
      geometry_type: GEOMETRY
      properties:
        gid: int4
    table_source_geog:
      schema: public
      table: table_source_geog
      srid: 4326
      geometry_column: geog
      bounds:
      - -2.0
      - 0.0
      - 142.841315098691
      - 45.0
      geometry_type: Geometry
      properties:
        gid: int4
    table_source_multiple_geom:
      schema: public
      table: table_source_multiple_geom
      srid: 4326
      geometry_column: geom1
      bounds:
      - -136.620760497061
      - -78.33502992854
      - 176.562977434998
      - 75.787310659544
      geometry_type: POINT
      properties:
        gid: int4
    table_source_multiple_geom.1:
      schema: public
      table: table_source_multiple_geom
      srid: 4326
      geometry_column: geom2
      bounds:
      - -136.620760497061
      - -78.33502992854
      - 176.562977434998
      - 75.787310659544
      geometry_type: POINT
      properties:
        gid: int4
    view_name_existing_two_schemas:
      schema: schema_a
      table: view_name_existing_two_schemas
      srid: 4326
      geometry_column: a_geom
      bounds:
      - 142.840944094309
      - 11.9267418460367
      - 142.841433600019
      - 11.9273703485648
      geometry_type: POINT
      properties:
        a_id: int4
        a_name: text
    view_name_existing_two_schemas.1:
      schema: schema_b
      table: view_name_existing_two_schemas
      srid: 4326
      geometry_column: b_geom
      bounds:
      - 10.0
      - 10.0
      - 40.0
      - 40.0
      geometry_type: POLYGON
      properties:
        b_id: int4
        b_info: text
  functions:
    -function.withweired---_-characters:
      schema: public
      function: '"function.withweired$*;_ characters'
    function_Mixed_Name:
      schema: MixedCase
      function: function_Mixed_Name
    function_null:
      schema: public
      function: function_null
    function_null_row:
      schema: public
      function: function_null_row
    function_null_row2:
      schema: public
      function: function_null_row2
    function_zoom_xy:
      schema: public
      function: function_zoom_xy
    function_zxy:
      schema: public
      function: function_zxy
    function_zxy2:
      schema: public
      function: function_zxy2
    function_zxy_query:
      schema: public
      function: function_zxy_query
    function_zxy_query_jsonb:
      schema: public
      function: function_zxy_query_jsonb
    function_zxy_query_test:
      schema: public
      function: function_zxy_query_test
    function_zxy_row:
      schema: public
      function: function_zxy_row
    function_zxy_row_key:
      schema: public
      function: function_zxy_row_key
pmtiles:
  paths:
  - tests/fixtures/mbtiles
  - tests/fixtures/pmtiles
  - tests/fixtures/pmtiles2
  sources:
    png: tests/fixtures/pmtiles/png.pmtiles
    stamen_toner__raster_CC-BY-ODbL_z3: tests/fixtures/pmtiles/stamen_toner__raster_CC-BY+ODbL_z3.pmtiles
    webp2: tests/fixtures/pmtiles2/webp2.pmtiles
mbtiles:
  paths:
  - tests/fixtures/mbtiles
  - tests/fixtures/pmtiles
  - tests/fixtures/pmtiles2
  sources:
    geography-class-jpg: tests/fixtures/mbtiles/geography-class-jpg.mbtiles
    geography-class-jpg-diff: tests/fixtures/mbtiles/geography-class-jpg-diff.mbtiles
    geography-class-jpg-modified: tests/fixtures/mbtiles/geography-class-jpg-modified.mbtiles
    geography-class-png: tests/fixtures/mbtiles/geography-class-png.mbtiles
    geography-class-png-no-bounds: tests/fixtures/mbtiles/geography-class-png-no-bounds.mbtiles
    json: tests/fixtures/mbtiles/json.mbtiles
    uncompressed_mvt: tests/fixtures/mbtiles/uncompressed_mvt.mbtiles
    webp: tests/fixtures/mbtiles/webp.mbtiles
    world_cities: tests/fixtures/mbtiles/world_cities.mbtiles
    world_cities_bindiff: tests/fixtures/mbtiles/world_cities_bindiff.mbtiles
    world_cities_diff: tests/fixtures/mbtiles/world_cities_diff.mbtiles
    world_cities_modified: tests/fixtures/mbtiles/world_cities_modified.mbtiles
    zoomed_world_cities: tests/fixtures/mbtiles/zoomed_world_cities.mbtiles
cog:
- tests/fixtures/mbtiles
- tests/fixtures/pmtiles
- tests/fixtures/pmtiles2
